../Core/Src/AppControlMPU6050.c:35:7:AppControl_Get_Accel_X_RAW	32	static
../Core/Src/AppControlMPU6050.c:48:7:AppControl_Get_Accel_Y_RAW	32	static
../Core/Src/AppControlMPU6050.c:61:7:AppControl_Get_Accel_Z_RAW	32	static
../Core/Src/AppControlMPU6050.c:75:7:AppControl_Get_Gyro_X_RAW	32	static
../Core/Src/AppControlMPU6050.c:87:7:AppControl_Get_Gyro_Y_RAW	32	static
../Core/Src/AppControlMPU6050.c:99:7:AppControl_Get_Gyro_Z_RAW	32	static
../Core/Src/AppControlMPU6050.c:112:7:AppControl_Get_Accel_X	8	static
../Core/Src/AppControlMPU6050.c:118:7:AppControl_Get_Accel_Y	8	static
../Core/Src/AppControlMPU6050.c:124:7:AppControl_Get_Accel_Z	8	static
../Core/Src/AppControlMPU6050.c:131:7:AppControl_Get_Gyro_X	8	static
../Core/Src/AppControlMPU6050.c:137:7:AppControl_Get_Gyro_Y	8	static
../Core/Src/AppControlMPU6050.c:143:7:AppControl_Get_Gyro_Z	8	static
../Core/Src/AppControlMPU6050.c:149:6:AppControl_MPU6050_Init	32	static
../Core/Src/AppControlMPU6050.c:175:6:AppControl_MPU6050_Read_Accel	40	static
../Core/Src/AppControlMPU6050.c:192:6:AppControl_MPU6050_Read_Gyro	40	static
../Core/Src/AppControlMPU6050.c:209:6:AppControl_MPU6050ReadData	8	static
../Core/Src/AppControlMPU6050.c:215:18:AppControl_MPU6050GetRawData	4	static
../Core/Src/AppControlMPU6050.c:220:15:AppControl_MPU6050GetData	4	static
