../Core/Src/main.c:118:5:main	32	static
../Core/Src/main.c:194:6:SystemClock_Config	72	static
../Core/Src/main.c:234:13:MX_I2C1_Init	8	static
../Core/Src/main.c:268:13:MX_TIM2_Init	32	static
../Core/Src/main.c:313:13:MX_USART1_UART_Init	8	static
../Core/Src/main.c:346:13:MX_GPIO_Init	40	static
../Core/Src/main.c:378:6:HAL_TIM_PeriodElapsedCallback	16	static
../Core/Src/main.c:446:6:AOSpeedMotorLeft	16	static
../Core/Src/main.c:471:6:AOSpeedMotorRight	16	static
../Core/Src/main.c:500:20:AppGet_hi2c1	4	static
../Core/Src/main.c:506:6:HAL_UART_RxCpltCallback	16	static
../Core/Src/main.c:528:6:Error_Handler	4	static,ignoring_inline_asm
