../Core/Src/main.c:126:5:main	32	static
../Core/Src/main.c:186:6:SystemClock_Config	72	static
../Core/Src/main.c:226:13:MX_I2C1_Init	8	static
../Core/Src/main.c:260:13:MX_TIM2_Init	32	static
../Core/Src/main.c:305:13:MX_USART1_UART_Init	8	static
../Core/Src/main.c:338:13:MX_GPIO_Init	40	static
../Core/Src/main.c:370:6:HAL_TIM_PeriodElapsedCallback	16	static
../Core/Src/main.c:438:6:AOSpeedMotorLeft	16	static
../Core/Src/main.c:463:6:AOSpeedMotorRight	16	static
../Core/Src/main.c:492:20:AppGet_hi2c1	4	static
../Core/Src/main.c:498:6:HAL_UART_RxCpltCallback	16	static
../Core/Src/main.c:520:6:Error_Handler	4	static,ignoring_inline_asm
