23:54:04 **** Incremental Build of configuration Debug for project 24K_SelfBalancingRobot ****
make -j8 all 
arm-none-eabi-gcc "../Core/Src/AppControlPID.c" -mcpu=cortex-m3 -std=gnu11 -g3 -DDEBUG -DUSE_HAL_DRIVER -DSTM32F103xB -c -I../Core/Inc -I../Drivers/STM32F1xx_HAL_Driver/Inc/Legacy -I../Drivers/STM32F1xx_HAL_Driver/Inc -I../Drivers/CMSIS/Device/ST/STM32F1xx/Include -I../Drivers/CMSIS/Include -O0 -ffunction-sections -fdata-sections -Wall -fstack-usage -fcyclomatic-complexity -MMD -MP -MF"Core/Src/AppControlPID.d" -MT"Core/Src/AppControlPID.o" --specs=nano.specs -mfloat-abi=soft -mthumb -o "Core/Src/AppControlPID.o"
arm-none-eabi-gcc -o "24K_SelfBalancingRobot.elf" @"objects.list"   -mcpu=cortex-m3 -T"D:\Workspace\PROJECT\24K_SelfBalancingRobot\24K_SelfBalancingRobot\STM32F103C8TX_FLASH.ld" --specs=nosys.specs -Wl,-Map="24K_SelfBalancingRobot.map" -Wl,--gc-sections -static --specs=nano.specs -mfloat-abi=soft -mthumb -Wl,--start-group -lc -lm -Wl,--end-group
Finished building target: 24K_SelfBalancingRobot.elf
 
arm-none-eabi-size   24K_SelfBalancingRobot.elf 
arm-none-eabi-objdump -h -S  24K_SelfBalancingRobot.elf  > "24K_SelfBalancingRobot.list"
   text	   data	    bss	    dec	    hex	filename
  23120	    120	   2248	  25488	   6390	24K_SelfBalancingRobot.elf
Finished building: default.size.stdout
 
Finished building: 24K_SelfBalancingRobot.list
 
23:54:23 **** Incremental Build of configuration Debug for project 24K_SelfBalancingRobot ****
make -j8 all 
arm-none-eabi-size   24K_SelfBalancingRobot.elf 
   text	   data	    bss	    dec	    hex	filename
  23120	    120	   2248	  25488	   6390	24K_SelfBalancingRobot.elf
Finished building: default.size.stdout
 
